// Jest Snapshot v1, https://goo.gl/fbAQLP

exports[`Nav component matches snapshot 1`] = `
<DocumentFragment>
  <header>
    <h2>
      <a
        data-testid="link"
        href="/"
      >
        <span
          aria-label="trophy"
          role="img"
        >
           üèÜ
        </span>
         Professional Portfolio
      </a>
    </h2>
    <nav>
      <ul
        class="flex-row"
      >
        <li
          class="mx-2"
        >
          <a
            data-testid="about"
            href="#about"
          >
            About me
          </a>
        </li>
        <li>
          <span>
            Contact
          </span>
        </li>
        <li
          class="mx-1"
        >
          <span>
            projects
          </span>
        </li>
        <li
          class="mx-1"
        >
          <span>
            portraits
          </span>
        </li>
        <li
          class="mx-1"
        >
          <span>
            food
          </span>
        </li>
        <li
          class="mx-1"
        >
          <span>
            landscape
          </span>
        </li>
      </ul>
    </nav>
  </header>
</DocumentFragment>
`;
